   Compiling proc-macro2 v1.0.107
   Compiling unicode-ident v1.0.26
   Compiling quote v1.0.47
   Compiling syn v3.0.6
   Compiling archmage-macros v0.9.30 (/home/lilith/tmp/attune-conventions-cost-2026-10-09/after/archmage-macros)
    Finished `test` profile [unoptimized + debuginfo] target(s) in 2.00s
     Running unittests src/lib.rs (target/debug/deps/archmage_macros-d7807217fb1844d6)

running 1 test
arcane: allocations=125 bytes=10163 ns=71825
arcane-dispatch: allocations=171 bytes=10571 ns=70695
rite: allocations=88 bytes=8949 ns=39164
attune-raw: allocations=81 bytes=8726 ns=37318
attune-wrap: allocations=125 bytes=10195 ns=52088
attune-direct: allocations=175 bytes=11276 ns=74938
attune-all: allocations=589 bytes=32635 ns=245919
attune-compose: allocations=761 bytes=43271 ns=378460
magetypes: allocations=660 bytes=47040 ns=355501
autoversion: allocations=631 bytes=36796 ns=253888
test expansion_tests::profile_allocations ... ok

test result: ok. 1 passed; 0 failed; 0 ignored; 0 measured; 144 filtered out; finished in 1.58s

