run-heavy: mem-cap=16G (cgroup, hard) jobs=8/20 avail=26976MiB :: python3 scripts/measure-local-mode-compile.py --before /home/lilith/data/archmage/adaptive-before-b79f590d --after /home/lilith/work/archmage --adaptive-use-probe --sde /home/lilith/data/archmage/tools/sde-external-10.8.0-2026-03-15-lin/sde64 --output /home/lilith/data/archmage/adaptive-use/2026-09-27 --runs 6
START default before_manual run=1
END default before_manual total=2.819s magetypes=1.260s
START default after_manual run=1
END default after_manual total=2.846s magetypes=1.250s
START default after_adaptive run=1
END default after_adaptive total=2.849s magetypes=1.250s
START default after_manual run=2
END default after_manual total=2.859s magetypes=1.270s
START default after_adaptive run=2
END default after_adaptive total=2.828s magetypes=1.250s
START default before_manual run=2
END default before_manual total=2.822s magetypes=1.250s
START default after_adaptive run=3
END default after_adaptive total=2.817s magetypes=1.220s
START default before_manual run=3
END default before_manual total=2.842s magetypes=1.270s
START default after_manual run=3
END default after_manual total=2.841s magetypes=1.250s
START default before_manual run=4
END default before_manual total=2.826s magetypes=1.240s
START default after_manual run=4
END default after_manual total=2.860s magetypes=1.270s
START default after_adaptive run=4
END default after_adaptive total=2.837s magetypes=1.260s
START default after_manual run=5
END default after_manual total=2.841s magetypes=1.240s
START default after_adaptive run=5
END default after_adaptive total=2.842s magetypes=1.250s
START default before_manual run=5
END default before_manual total=2.850s magetypes=1.250s
START default after_adaptive run=6
END default after_adaptive total=2.840s magetypes=1.260s
START default before_manual run=6
END default before_manual total=2.843s magetypes=1.240s
START default after_manual run=6
END default after_manual total=2.850s magetypes=1.270s
TEST default before_manual
TEST default after_manual
TEST default after_adaptive
START avx512 before_manual run=1
END avx512 before_manual total=3.046s magetypes=1.470s
START avx512 after_manual run=1
END avx512 after_manual total=3.065s magetypes=1.470s
START avx512 after_adaptive run=1
END avx512 after_adaptive total=3.036s magetypes=1.440s
START avx512 after_manual run=2
END avx512 after_manual total=3.047s magetypes=1.470s
START avx512 after_adaptive run=2
END avx512 after_adaptive total=3.056s magetypes=1.470s
START avx512 before_manual run=2
END avx512 before_manual total=3.038s magetypes=1.470s
START avx512 after_adaptive run=3
END avx512 after_adaptive total=3.051s magetypes=1.470s
START avx512 before_manual run=3
END avx512 before_manual total=3.034s magetypes=1.460s
START avx512 after_manual run=3
END avx512 after_manual total=3.065s magetypes=1.470s
START avx512 before_manual run=4
END avx512 before_manual total=3.042s magetypes=1.460s
START avx512 after_manual run=4
END avx512 after_manual total=3.060s magetypes=1.480s
START avx512 after_adaptive run=4
END avx512 after_adaptive total=3.055s magetypes=1.470s
START avx512 after_manual run=5
END avx512 after_manual total=3.029s magetypes=1.450s
START avx512 after_adaptive run=5
END avx512 after_adaptive total=3.063s magetypes=1.480s
START avx512 before_manual run=5
END avx512 before_manual total=3.045s magetypes=1.470s
START avx512 after_adaptive run=6
END avx512 after_adaptive total=3.044s magetypes=1.450s
START avx512 before_manual run=6
END avx512 before_manual total=3.023s magetypes=1.440s
START avx512 after_manual run=6
END avx512 after_manual total=3.062s magetypes=1.470s
TEST avx512 before_manual
TEST avx512 after_manual
TEST avx512 after_adaptive
[
  {
    "features": "default",
    "label": "before_manual",
    "total_seconds": {
      "median": 2.833948103507282,
      "min": 2.819033210980706,
      "max": 2.8501625030185096
    },
    "macros_seconds": {
      "median": 0.31,
      "min": 0.31,
      "max": 0.31
    },
    "magetypes_seconds": {
      "median": 1.25,
      "min": 1.24,
      "max": 1.27
    },
    "consumer_seconds": {
      "median": 0.04,
      "min": 0.04,
      "max": 0.05
    }
  },
  {
    "features": "default",
    "label": "after_manual",
    "total_seconds": {
      "median": 2.8479704884957755,
      "min": 2.840817069984041,
      "max": 2.8599774850008544
    },
    "macros_seconds": {
      "median": 0.32,
      "min": 0.32,
      "max": 0.32
    },
    "magetypes_seconds": {
      "median": 1.26,
      "min": 1.24,
      "max": 1.27
    },
    "consumer_seconds": {
      "median": 0.05,
      "min": 0.04,
      "max": 0.05
    }
  },
  {
    "features": "default",
    "label": "after_adaptive",
    "total_seconds": {
      "median": 2.8386160290101543,
      "min": 2.8171408659836743,
      "max": 2.849140513018938
    },
    "macros_seconds": {
      "median": 0.32,
      "min": 0.31,
      "max": 0.32
    },
    "magetypes_seconds": {
      "median": 1.25,
      "min": 1.22,
      "max": 1.26
    },
    "consumer_seconds": {
      "median": 0.04,
      "min": 0.04,
      "max": 0.05
    }
  },
  {
    "features": "avx512",
    "label": "before_manual",
    "total_seconds": {
      "median": 3.0400674824923044,
      "min": 3.022883177996846,
      "max": 3.0460907820088323
    },
    "macros_seconds": {
      "median": 0.31,
      "min": 0.3,
      "max": 0.32
    },
    "magetypes_seconds": {
      "median": 1.4649999999999999,
      "min": 1.44,
      "max": 1.47
    },
    "consumer_seconds": {
      "median": 0.05,
      "min": 0.05,
      "max": 0.05
    }
  },
  {
    "features": "avx512",
    "label": "after_manual",
    "total_seconds": {
      "median": 3.0611701004963834,
      "min": 3.0291778890241403,
      "max": 3.0651321840123273
    },
    "macros_seconds": {
      "median": 0.32,
      "min": 0.32,
      "max": 0.33
    },
    "magetypes_seconds": {
      "median": 1.47,
      "min": 1.45,
      "max": 1.48
    },
    "consumer_seconds": {
      "median": 0.055,
      "min": 0.05,
      "max": 0.06
    }
  },
  {
    "features": "avx512",
    "label": "after_adaptive",
    "total_seconds": {
      "median": 3.053073549992405,
      "min": 3.0360664170002565,
      "max": 3.0627174350083806
    },
    "macros_seconds": {
      "median": 0.32,
      "min": 0.32,
      "max": 0.32
    },
    "magetypes_seconds": {
      "median": 1.47,
      "min": 1.44,
      "max": 1.48
    },
    "consumer_seconds": {
      "median": 0.06,
      "min": 0.05,
      "max": 0.06
    }
  }
]
run-heavy: done rc=0 109s | peak-RSS 0.40GiB | min-avail 26414MiB | peak-load 1.66
